File "4340-bad_decl_override.php", line 8, characters 7-7:
Class B does not correctly implement all required members  (Typing[4340])
File "4340-bad_decl_override.php", line 8, characters 17-17:
Some members are incompatible with those declared in type A
Read the following to see why:
File "4340-bad_decl_override.php", line 9, characters 19-21:
Member foo has the wrong type
File "4340-bad_decl_override.php", line 9, characters 23-28:
Expected string
File "4340-bad_decl_override.php", line 5, characters 23-25:
But got int
