[
  {
    "jsonrpc": "2.0",
    "id": 1,
    "result": {
      "capabilities": {
        "textDocumentSync": {
          "openClose": true,
          "change": 2,
          "willSave": false,
          "willSaveWaitUntil": false,
          "save": {
            "includeText": false
          }
        },
        "hoverProvider": true,
        "completionProvider": {
          "resolveProvider": true,
          "triggerCharacters": [
            "$",
            ">",
            "\\",
            ":",
            "<",
            "[",
            "'",
            "\""
          ]
        },
        "signatureHelpProvider": {
          "triggerCharacters": [
            "(",
            ","
          ]
        },
        "definitionProvider": true,
        "typeDefinitionProvider": true,
        "referencesProvider": true,
        "documentHighlightProvider": true,
        "documentSymbolProvider": true,
        "workspaceSymbolProvider": true,
        "codeActionProvider": false,
        "documentFormattingProvider": true,
        "documentRangeFormattingProvider": true,
        "documentOnTypeFormattingProvider": {
          "firstTriggerCharacter": ";",
          "moreTriggerCharacter": [
            "}"
          ]
        },
        "renameProvider": true,
        "typeCoverageProvider": true,
        "rageProvider": true
      }
    }
  },
  {
    "jsonrpc": "2.0",
    "id": 2,
    "result": [
      {
        "uri": "file://${root_path}/type_definition.php",
        "range": {
          "start": {
            "line": 2,
            "character": 6
          },
          "end": {
            "line": 2,
            "character": 8
          }
        },
        "title": "\\HH"
      },
      {
        "uri": "file://${root_path}/type_definition.php",
        "range": {
          "start": {
            "line": 12,
            "character": 6
          },
          "end": {
            "line": 12,
            "character": 8
          }
        },
        "title": "\\LL"
      }
    ]
  },
  {
    "jsonrpc": "2.0",
    "id": 3,
    "result": [
      {
        "uri": "file://${root_path}/type_definition.php",
        "range": {
          "start": {
            "line": 2,
            "character": 6
          },
          "end": {
            "line": 2,
            "character": 8
          }
        },
        "title": "\\HH"
      }
    ]
  },
  {
    "jsonrpc": "2.0",
    "id": 4,
    "result": [
      {
        "uri": "file://${root_path}/type_definition.php",
        "range": {
          "start": {
            "line": 2,
            "character": 6
          },
          "end": {
            "line": 2,
            "character": 8
          }
        },
        "title": "\\HH"
      }
    ]
  },
  {
    "jsonrpc": "2.0",
    "id": 5,
    "result": []
  },
  {
    "jsonrpc": "2.0",
    "id": 6,
    "result": [
      {
        "uri": "file://${root_path}/type_definition.php",
        "range": {
          "start": {
            "line": 12,
            "character": 6
          },
          "end": {
            "line": 12,
            "character": 8
          }
        },
        "title": "\\LL"
      }
    ]
  },
  {
    "jsonrpc": "2.0",
    "id": 7,
    "result": [
      {
        "uri": "file://${root_path}/type_definition.php",
        "range": {
          "start": {
            "line": 22,
            "character": 9
          },
          "end": {
            "line": 22,
            "character": 29
          }
        },
        "title": "(function(): int)"
      }
    ]
  },
  {
    "jsonrpc": "2.0",
    "id": 99,
    "result": null
  }
]
